<?xml version="1.0" encoding="UTF-8"?>
<testsuites name="jest tests" tests="4" failures="0" errors="0" time="6.765">
  <testsuite name="undefined" errors="0" failures="0" skipped="0" timestamp="2023-12-04T09:39:31" time="3.578" tests="2">
    <testcase classname=" renders login form correctly" name=" renders login form correctly" time="0.217">
    </testcase>
    <testcase classname=" submits login form with valid credentials" name=" submits login form with valid credentials" time="0.185">
    </testcase>
  </testsuite>
  <testsuite name="undefined" errors="0" failures="0" skipped="0" timestamp="2023-12-04T09:39:31" time="3.63" tests="2">
    <testcase classname=" renders signup form correctly" name=" renders signup form correctly" time="0.251">
    </testcase>
    <testcase classname=" submits signup form with valid data" name=" submits signup form with valid data" time="0.198">
    </testcase>
  </testsuite>
</testsuites>